<html>
<body>
<pre>
<h1>µVision Build Log</h1>
<h2>Tool Versions:</h2>
IDE-Version: •ÏVision V5.36.0.0
Copyright (C) 2021 ARM Ltd and ARM Germany GmbH. All rights reserved.
License Information: Park Sehwan, student, LIC=----
 
Tool Versions:
Toolchain:       MDK-Lite  Version: 5.36.0.0
Toolchain Path:  C:\Keil_v5\ARM\ARMCC\Bin
C Compiler:      Armcc.exe V5.06 update 7 (build 960)
Assembler:       Armasm.exe V5.06 update 7 (build 960)
Linker/Locator:  ArmLink.exe V5.06 update 7 (build 960)
Library Manager: ArmAr.exe V5.06 update 7 (build 960)
Hex Converter:   FromElf.exe V5.06 update 7 (build 960)
CPU DLL:         SARMCM3.DLL V5.36.0.0
Dialog DLL:      DCM.DLL V1.17.3.0
Target DLL:      CMSIS_AGDI.dll V1.33.0.0
Dialog DLL:      TCM.DLL V1.53.0.0
 
<h2>Project:</h2>
C:\Users\PETABREW001\Desktop\231004_uartreceive\AT32_proj\AT32_proj.uvprojx
Project File Date:  10/04/2023

<h2>Output:</h2>
*** Using Compiler 'V5.06 update 7 (build 960)', folder: 'C:\Keil_v5\ARM\ARMCC\Bin'
Build target 'AT32_petabrew'
compiling configuration.c...
compiling misc.c...
compiling at32f4xx_spi.c...
compiling at32f4xx_it.c...
compiling at32f4xx_gpio_ex.c...
compiling at32f4xx_usart.c...
compiling at32f4xx_exti.c...
compiling global.c...
compiling main.c...
compiling at32f4xx_gpio.c...
compiling system_at32f4xx.c...
compiling at32_delay.c...
compiling at32f4xx_i2c.c...
compiling at32f4xx_rcc.c...
compiling at32f4xx_flash.c...
compiling at32f4xx_dma.c...
compiling at32f4xx_adc.c...
compiling at32f4xx_tim.c...
linking...
Program Size: Code=2976 RO-data=416 RW-data=28 ZI-data=1156  
FromELF: creating hex file...
".\Objects\AT32_proj.axf" - 0 Error(s), 0 Warning(s).

<h2>Software Packages used:</h2>

Package Vendor: ArteryTek
                
                ArteryTek.AT32F413_DFP.2.0.3
                ArteryTek AT32F413 Series Device Support,Drivers

<h2>Collection of Component include folders:</h2>
  C:\Users\PETABREW001\AppData\Local\Arm\Packs\ArteryTek\AT32F413_DFP\2.0.3\Device\Include

<h2>Collection of Component Files used:</h2>
Build Time Elapsed:  00:00:03
</pre>
</body>
</html>
