Component: ARM Compiler 5.06 update 7 (build 960) Tool: armlink [4d3601]

==============================================================================

Section Cross References

    system_at32f4xx.o(i.SystemCoreClockUpdate) refers to system_at32f4xx.o(.data) for SystemCoreClock
    system_at32f4xx.o(i.SystemInit) refers to system_at32f4xx.o(i.SetSysClock) for SetSysClock
    startup_at32f413rx_hd.o(RESET) refers to startup_at32f413rx_hd.o(STACK) for __initial_sp
    startup_at32f413rx_hd.o(RESET) refers to startup_at32f413rx_hd.o(.text) for Reset_Handler
    startup_at32f413rx_hd.o(RESET) refers to at32f4xx_it.o(i.NMI_Handler) for NMI_Handler
    startup_at32f413rx_hd.o(RESET) refers to at32f4xx_it.o(i.HardFault_Handler) for HardFault_Handler
    startup_at32f413rx_hd.o(RESET) refers to at32f4xx_it.o(i.MemManage_Handler) for MemManage_Handler
    startup_at32f413rx_hd.o(RESET) refers to at32f4xx_it.o(i.BusFault_Handler) for BusFault_Handler
    startup_at32f413rx_hd.o(RESET) refers to at32f4xx_it.o(i.UsageFault_Handler) for UsageFault_Handler
    startup_at32f413rx_hd.o(RESET) refers to at32f4xx_it.o(i.DebugMon_Handler) for DebugMon_Handler
    startup_at32f413rx_hd.o(RESET) refers to main.o(i.TMR2_GLOBAL_IRQHandler) for TMR2_GLOBAL_IRQHandler
    startup_at32f413rx_hd.o(RESET) refers to main.o(i.USART1_IRQHandler) for USART1_IRQHandler
    startup_at32f413rx_hd.o(.text) refers to system_at32f4xx.o(i.SystemInit) for SystemInit
    startup_at32f413rx_hd.o(.text) refers to entry.o(.ARM.Collect$$$$00000000) for __main
    main.o(i.TMR2_GLOBAL_IRQHandler) refers to at32f4xx_tim.o(i.TMR_GetINTStatus) for TMR_GetINTStatus
    main.o(i.TMR2_GLOBAL_IRQHandler) refers to at32f4xx_tim.o(i.TMR_ClearITPendingBit) for TMR_ClearITPendingBit
    main.o(i.TMR2_GLOBAL_IRQHandler) refers to main.o(i.echoBufferData) for echoBufferData
    main.o(i.USART1_IRQHandler) refers to at32f4xx_usart.o(i.USART_GetITStatus) for USART_GetITStatus
    main.o(i.USART1_IRQHandler) refers to at32f4xx_usart.o(i.USART_ClearITPendingBit) for USART_ClearITPendingBit
    main.o(i.USART1_IRQHandler) refers to at32f4xx_usart.o(i.USART_ReceiveData) for USART_ReceiveData
    main.o(i.USART1_IRQHandler) refers to at32f4xx_usart.o(i.USART_INTConfig) for USART_INTConfig
    main.o(i.USART1_IRQHandler) refers to main.o(.bss) for uartBuffer
    main.o(i.echoBufferData) refers to at32f4xx_usart.o(i.USART_SendData) for USART_SendData
    main.o(i.echoBufferData) refers to at32f4xx_usart.o(i.USART_GetFlagStatus) for USART_GetFlagStatus
    main.o(i.echoBufferData) refers to main.o(.bss) for uartBuffer
    main.o(i.main) refers to configuration.o(i.RCC_Configuration) for RCC_Configuration
    main.o(i.main) refers to configuration.o(i.GPIO_Configuration) for GPIO_Configuration
    main.o(i.main) refers to configuration.o(i.UART_Configuration) for UART_Configuration
    main.o(i.main) refers to configuration.o(i.TIMER_Configuration) for TIMER_Configuration
    main.o(i.main) refers to configuration.o(i.NVIC_Configuration) for NVIC_Configuration
    main.o(i.main) refers to at32_delay.o(i.Delay_init) for Delay_init
    at32_delay.o(i.Delay_init) refers to misc.o(i.SysTick_CLKSourceConfig) for SysTick_CLKSourceConfig
    at32_delay.o(i.Delay_init) refers to system_at32f4xx.o(.data) for SystemCoreClock
    at32_delay.o(i.Delay_init) refers to at32_delay.o(.data) for fac_us
    at32_delay.o(i.Delay_ms) refers to at32_delay.o(.data) for fac_ms
    at32_delay.o(i.Delay_sec) refers to at32_delay.o(i.Delay_ms) for Delay_ms
    at32_delay.o(i.Delay_us) refers to at32_delay.o(.data) for fac_us
    configuration.o(i.GPIO_Configuration) refers to at32f4xx_gpio.o(i.GPIO_StructInit) for GPIO_StructInit
    configuration.o(i.GPIO_Configuration) refers to at32f4xx_gpio.o(i.GPIO_Init) for GPIO_Init
    configuration.o(i.NVIC_Configuration) refers to misc.o(i.NVIC_PriorityGroupConfig) for NVIC_PriorityGroupConfig
    configuration.o(i.NVIC_Configuration) refers to misc.o(i.NVIC_Init) for NVIC_Init
    configuration.o(i.RCC_Configuration) refers to at32f4xx_rcc.o(i.RCC_APB2PeriphClockCmd) for RCC_APB2PeriphClockCmd
    configuration.o(i.RCC_Configuration) refers to at32f4xx_rcc.o(i.RCC_APB1PeriphClockCmd) for RCC_APB1PeriphClockCmd
    configuration.o(i.TIMER_Configuration) refers to at32f4xx_tim.o(i.TMR_TimeBaseStructInit) for TMR_TimeBaseStructInit
    configuration.o(i.TIMER_Configuration) refers to at32f4xx_tim.o(i.TMR_TimeBaseInit) for TMR_TimeBaseInit
    configuration.o(i.TIMER_Configuration) refers to at32f4xx_tim.o(i.TMR_OCStructInit) for TMR_OCStructInit
    configuration.o(i.TIMER_Configuration) refers to at32f4xx_tim.o(i.TMR_OC1Init) for TMR_OC1Init
    configuration.o(i.TIMER_Configuration) refers to at32f4xx_tim.o(i.TMR_OC1PreloadConfig) for TMR_OC1PreloadConfig
    configuration.o(i.TIMER_Configuration) refers to at32f4xx_tim.o(i.TMR_INTConfig) for TMR_INTConfig
    configuration.o(i.TIMER_Configuration) refers to at32f4xx_tim.o(i.TMR_Cmd) for TMR_Cmd
    configuration.o(i.TIMER_Configuration) refers to system_at32f4xx.o(.data) for SystemCoreClock
    configuration.o(i.UART_Configuration) refers to at32f4xx_usart.o(i.USART_StructInit) for USART_StructInit
    configuration.o(i.UART_Configuration) refers to at32f4xx_usart.o(i.USART_Init) for USART_Init
    configuration.o(i.UART_Configuration) refers to at32f4xx_usart.o(i.USART_INTConfig) for USART_INTConfig
    configuration.o(i.UART_Configuration) refers to at32f4xx_usart.o(i.USART_Cmd) for USART_Cmd
    at32f4xx_flash.o(i.FLASH_EnableWriteProtect) refers to at32f4xx_flash.o(i.FLASH_WaitForProcess) for FLASH_WaitForProcess
    at32f4xx_flash.o(i.FLASH_EraseAllPages) refers to at32f4xx_flash.o(i.FLASH_WaitForProcess) for FLASH_WaitForProcess
    at32f4xx_flash.o(i.FLASH_EraseBank1AllPages) refers to at32f4xx_flash.o(i.FLASH_WaitForBank1Process) for FLASH_WaitForBank1Process
    at32f4xx_flash.o(i.FLASH_EraseBank3AllPages) refers to at32f4xx_flash.o(i.FLASH_GetSlibState) for FLASH_GetSlibState
    at32f4xx_flash.o(i.FLASH_EraseBank3AllPages) refers to at32f4xx_flash.o(i.FLASH_WaitForBank3Process) for FLASH_WaitForBank3Process
    at32f4xx_flash.o(i.FLASH_ErasePage) refers to at32f4xx_flash.o(i.FLASH_WaitForBank3Process) for FLASH_WaitForBank3Process
    at32f4xx_flash.o(i.FLASH_ErasePage) refers to at32f4xx_flash.o(i.FLASH_WaitForBank1Process) for FLASH_WaitForBank1Process
    at32f4xx_flash.o(i.FLASH_EraseUserOptionBytes) refers to at32f4xx_flash.o(i.FLASH_GetReadProtectStatus) for FLASH_GetReadProtectStatus
    at32f4xx_flash.o(i.FLASH_EraseUserOptionBytes) refers to at32f4xx_flash.o(i.FLASH_WaitForProcess) for FLASH_WaitForProcess
    at32f4xx_flash.o(i.FLASH_ProgramByte) refers to at32f4xx_flash.o(i.FLASH_WaitForBank1Process) for FLASH_WaitForBank1Process
    at32f4xx_flash.o(i.FLASH_ProgramHalfWord) refers to at32f4xx_flash.o(i.FLASH_WaitForBank3Process) for FLASH_WaitForBank3Process
    at32f4xx_flash.o(i.FLASH_ProgramHalfWord) refers to at32f4xx_flash.o(i.FLASH_WaitForBank1Process) for FLASH_WaitForBank1Process
    at32f4xx_flash.o(i.FLASH_ProgramUserOptionByteData) refers to at32f4xx_flash.o(i.FLASH_WaitForProcess) for FLASH_WaitForProcess
    at32f4xx_flash.o(i.FLASH_ProgramWord) refers to at32f4xx_flash.o(i.FLASH_WaitForBank3Process) for FLASH_WaitForBank3Process
    at32f4xx_flash.o(i.FLASH_ProgramWord) refers to at32f4xx_flash.o(i.FLASH_WaitForBank1Process) for FLASH_WaitForBank1Process
    at32f4xx_flash.o(i.FLASH_ProgramWord) refers to at32f4xx_flash.o(i.FLASH_WaitForProcess) for FLASH_WaitForProcess
    at32f4xx_flash.o(i.FLASH_ReadProtectConfig) refers to at32f4xx_flash.o(i.FLASH_WaitForProcess) for FLASH_WaitForProcess
    at32f4xx_flash.o(i.FLASH_SlibDisable) refers to at32f4xx_flash.o(i.FLASH_WaitForProcess) for FLASH_WaitForProcess
    at32f4xx_flash.o(i.FLASH_SlibMainEnable) refers to at32f4xx_flash.o(i.FLASH_WaitForProcess) for FLASH_WaitForProcess
    at32f4xx_flash.o(i.FLASH_UserOptionByteConfig) refers to at32f4xx_flash.o(i.FLASH_WaitForProcess) for FLASH_WaitForProcess
    at32f4xx_flash.o(i.FLASH_WaitForBank1Process) refers to at32f4xx_flash.o(i.FLASH_GetBank1Status) for FLASH_GetBank1Status
    at32f4xx_flash.o(i.FLASH_WaitForBank3Process) refers to at32f4xx_flash.o(i.FLASH_GetBank3Status) for FLASH_GetBank3Status
    at32f4xx_flash.o(i.FLASH_WaitForProcess) refers to at32f4xx_flash.o(i.FLASH_GetBank1Status) for FLASH_GetBank1Status
    at32f4xx_gpio.o(i.GPIO_AFIOReset) refers to at32f4xx_rcc.o(i.RCC_APB2PeriphResetCmd) for RCC_APB2PeriphResetCmd
    at32f4xx_gpio.o(i.GPIO_Reset) refers to at32f4xx_rcc.o(i.RCC_APB2PeriphResetCmd) for RCC_APB2PeriphResetCmd
    at32f4xx_i2c.o(i.I2C_DeInit) refers to at32f4xx_rcc.o(i.RCC_APB1PeriphResetCmd) for RCC_APB1PeriphResetCmd
    at32f4xx_i2c.o(i.I2C_Init) refers to at32f4xx_rcc.o(i.RCC_GetClocksFreq) for RCC_GetClocksFreq
    at32f4xx_rcc.o(i.RCC_GetClocksFreq) refers to at32f4xx_rcc.o(.constdata) for APBAHBPscTable
    at32f4xx_rcc.o(i.RCC_WaitForHSEStable) refers to at32f4xx_rcc.o(i.RCC_GetFlagStatus) for RCC_GetFlagStatus
    at32f4xx_rcc.o(i.RCC_WaitForHSEStable) refers to at32f4xx_rcc.o(i.RCC_HSEENDelay) for RCC_HSEENDelay
    at32f4xx_spi.o(i.I2S_Init) refers to at32f4xx_rcc.o(i.RCC_GetClocksFreq) for RCC_GetClocksFreq
    at32f4xx_spi.o(i.SPI_I2S_Reset) refers to at32f4xx_rcc.o(i.RCC_APB2PeriphResetCmd) for RCC_APB2PeriphResetCmd
    at32f4xx_spi.o(i.SPI_I2S_Reset) refers to at32f4xx_rcc.o(i.RCC_APB1PeriphResetCmd) for RCC_APB1PeriphResetCmd
    at32f4xx_usart.o(i.USART_Init) refers to at32f4xx_rcc.o(i.RCC_GetClocksFreq) for RCC_GetClocksFreq
    at32f4xx_usart.o(i.USART_Init) refers to uldiv.o(.text) for __aeabi_uldivmod
    at32f4xx_usart.o(i.USART_Reset) refers to at32f4xx_rcc.o(i.RCC_APB2PeriphResetCmd) for RCC_APB2PeriphResetCmd
    at32f4xx_usart.o(i.USART_Reset) refers to at32f4xx_rcc.o(i.RCC_APB1PeriphResetCmd) for RCC_APB1PeriphResetCmd
    at32f4xx_adc.o(i.ADC_Reset) refers to at32f4xx_rcc.o(i.RCC_APB2PeriphResetCmd) for RCC_APB2PeriphResetCmd
    at32f4xx_tim.o(i.TMR_ETRClockMode1Config) refers to at32f4xx_tim.o(i.TMR_ETRConfig) for TMR_ETRConfig
    at32f4xx_tim.o(i.TMR_ETRClockMode2Config) refers to at32f4xx_tim.o(i.TMR_ETRConfig) for TMR_ETRConfig
    at32f4xx_tim.o(i.TMR_ICInit) refers to at32f4xx_tim.o(i.TI1_Config) for TI1_Config
    at32f4xx_tim.o(i.TMR_ICInit) refers to at32f4xx_tim.o(i.TMR_SetIC1DIV) for TMR_SetIC1DIV
    at32f4xx_tim.o(i.TMR_ICInit) refers to at32f4xx_tim.o(i.TI2_Config) for TI2_Config
    at32f4xx_tim.o(i.TMR_ICInit) refers to at32f4xx_tim.o(i.TMR_SetIC2DIV) for TMR_SetIC2DIV
    at32f4xx_tim.o(i.TMR_ICInit) refers to at32f4xx_tim.o(i.TI3_Config) for TI3_Config
    at32f4xx_tim.o(i.TMR_ICInit) refers to at32f4xx_tim.o(i.TMR_SetIC3DIV) for TMR_SetIC3DIV
    at32f4xx_tim.o(i.TMR_ICInit) refers to at32f4xx_tim.o(i.TI4_Config) for TI4_Config
    at32f4xx_tim.o(i.TMR_ICInit) refers to at32f4xx_tim.o(i.TMR_SetIC4DIV) for TMR_SetIC4DIV
    at32f4xx_tim.o(i.TMR_ITRxExternalClockConfig) refers to at32f4xx_tim.o(i.TMR_SelectInputTrigger) for TMR_SelectInputTrigger
    at32f4xx_tim.o(i.TMR_PWMIConfig) refers to at32f4xx_tim.o(i.TI1_Config) for TI1_Config
    at32f4xx_tim.o(i.TMR_PWMIConfig) refers to at32f4xx_tim.o(i.TMR_SetIC1DIV) for TMR_SetIC1DIV
    at32f4xx_tim.o(i.TMR_PWMIConfig) refers to at32f4xx_tim.o(i.TI2_Config) for TI2_Config
    at32f4xx_tim.o(i.TMR_PWMIConfig) refers to at32f4xx_tim.o(i.TMR_SetIC2DIV) for TMR_SetIC2DIV
    at32f4xx_tim.o(i.TMR_Reset) refers to at32f4xx_rcc.o(i.RCC_APB2PeriphResetCmd) for RCC_APB2PeriphResetCmd
    at32f4xx_tim.o(i.TMR_Reset) refers to at32f4xx_rcc.o(i.RCC_APB1PeriphResetCmd) for RCC_APB1PeriphResetCmd
    at32f4xx_tim.o(i.TMR_TIxExternalClockConfig) refers to at32f4xx_tim.o(i.TI2_Config) for TI2_Config
    at32f4xx_tim.o(i.TMR_TIxExternalClockConfig) refers to at32f4xx_tim.o(i.TI1_Config) for TI1_Config
    at32f4xx_tim.o(i.TMR_TIxExternalClockConfig) refers to at32f4xx_tim.o(i.TMR_SelectInputTrigger) for TMR_SelectInputTrigger
    entry.o(.ARM.Collect$$$$00000000) refers (Special) to entry10a.o(.ARM.Collect$$$$0000000F) for __rt_final_cpp
    entry.o(.ARM.Collect$$$$00000000) refers (Special) to entry11a.o(.ARM.Collect$$$$00000011) for __rt_final_exit
    entry.o(.ARM.Collect$$$$00000000) refers (Special) to entry12b.o(.ARM.Collect$$$$0000000E) for __rt_lib_shutdown_fini
    entry.o(.ARM.Collect$$$$00000000) refers (Special) to entry7b.o(.ARM.Collect$$$$00000008) for _main_clock
    entry.o(.ARM.Collect$$$$00000000) refers (Special) to entry8b.o(.ARM.Collect$$$$0000000A) for _main_cpp_init
    entry.o(.ARM.Collect$$$$00000000) refers (Special) to entry9a.o(.ARM.Collect$$$$0000000B) for _main_init
    entry.o(.ARM.Collect$$$$00000000) refers (Special) to entry5.o(.ARM.Collect$$$$00000004) for _main_scatterload
    entry.o(.ARM.Collect$$$$00000000) refers (Special) to entry2.o(.ARM.Collect$$$$00000001) for _main_stk
    uldiv.o(.text) refers to llushr.o(.text) for __aeabi_llsr
    uldiv.o(.text) refers to llshl.o(.text) for __aeabi_llsl
    entry2.o(.ARM.Collect$$$$00000001) refers to entry2.o(.ARM.Collect$$$$00002712) for __lit__00000000
    entry2.o(.ARM.Collect$$$$00002712) refers to startup_at32f413rx_hd.o(STACK) for __initial_sp
    entry2.o(__vectab_stack_and_reset_area) refers to startup_at32f413rx_hd.o(STACK) for __initial_sp
    entry2.o(__vectab_stack_and_reset_area) refers to entry.o(.ARM.Collect$$$$00000000) for __main
    entry5.o(.ARM.Collect$$$$00000004) refers to init.o(.text) for __scatterload
    entry9a.o(.ARM.Collect$$$$0000000B) refers to main.o(i.main) for main
    entry9b.o(.ARM.Collect$$$$0000000C) refers to main.o(i.main) for main
    init.o(.text) refers to entry5.o(.ARM.Collect$$$$00000004) for __main_after_scatterload


==============================================================================

Removing Unused input sections from the image.

    Removing system_at32f4xx.o(.rev16_text), (4 bytes).
    Removing system_at32f4xx.o(.revsh_text), (4 bytes).
    Removing system_at32f4xx.o(.rrx_text), (6 bytes).
    Removing system_at32f4xx.o(i.SystemCoreClockUpdate), (272 bytes).
    Removing startup_at32f413rx_hd.o(HEAP), (512 bytes).
    Removing at32f4xx_it.o(.rev16_text), (4 bytes).
    Removing at32f4xx_it.o(.revsh_text), (4 bytes).
    Removing at32f4xx_it.o(.rrx_text), (6 bytes).
    Removing main.o(.rev16_text), (4 bytes).
    Removing main.o(.revsh_text), (4 bytes).
    Removing main.o(.rrx_text), (6 bytes).
    Removing at32_delay.o(.rev16_text), (4 bytes).
    Removing at32_delay.o(.revsh_text), (4 bytes).
    Removing at32_delay.o(.rrx_text), (6 bytes).
    Removing at32_delay.o(i.Delay_ms), (112 bytes).
    Removing at32_delay.o(i.Delay_sec), (34 bytes).
    Removing at32_delay.o(i.Delay_us), (76 bytes).
    Removing configuration.o(.rev16_text), (4 bytes).
    Removing configuration.o(.revsh_text), (4 bytes).
    Removing configuration.o(.rrx_text), (6 bytes).
    Removing global.o(.rev16_text), (4 bytes).
    Removing global.o(.revsh_text), (4 bytes).
    Removing global.o(.rrx_text), (6 bytes).
    Removing at32f4xx_exti.o(.rev16_text), (4 bytes).
    Removing at32f4xx_exti.o(.revsh_text), (4 bytes).
    Removing at32f4xx_exti.o(.rrx_text), (6 bytes).
    Removing at32f4xx_exti.o(i.EXTI_ClearFlag), (12 bytes).
    Removing at32f4xx_exti.o(i.EXTI_ClearIntPendingBit), (12 bytes).
    Removing at32f4xx_exti.o(i.EXTI_GenerateSWInt), (16 bytes).
    Removing at32f4xx_exti.o(i.EXTI_GetFlagStatus), (24 bytes).
    Removing at32f4xx_exti.o(i.EXTI_GetIntStatus), (40 bytes).
    Removing at32f4xx_exti.o(i.EXTI_Init), (148 bytes).
    Removing at32f4xx_exti.o(i.EXTI_Reset), (36 bytes).
    Removing at32f4xx_exti.o(i.EXTI_StructInit), (16 bytes).
    Removing at32f4xx_flash.o(.rev16_text), (4 bytes).
    Removing at32f4xx_flash.o(.revsh_text), (4 bytes).
    Removing at32f4xx_flash.o(.rrx_text), (6 bytes).
    Removing at32f4xx_flash.o(i.FLASH_Bank3EncEndAddrConfig), (152 bytes).
    Removing at32f4xx_flash.o(i.FLASH_ClearFlag), (24 bytes).
    Removing at32f4xx_flash.o(i.FLASH_EnableWriteProtect), (204 bytes).
    Removing at32f4xx_flash.o(i.FLASH_EraseAllPages), (68 bytes).
    Removing at32f4xx_flash.o(i.FLASH_EraseBank1AllPages), (68 bytes).
    Removing at32f4xx_flash.o(i.FLASH_EraseBank3AllPages), (96 bytes).
    Removing at32f4xx_flash.o(i.FLASH_ErasePage), (172 bytes).
    Removing at32f4xx_flash.o(i.FLASH_EraseUserOptionBytes), (160 bytes).
    Removing at32f4xx_flash.o(i.FLASH_GetBank1Status), (52 bytes).
    Removing at32f4xx_flash.o(i.FLASH_GetBank3Status), (52 bytes).
    Removing at32f4xx_flash.o(i.FLASH_GetFlagStatus), (72 bytes).
    Removing at32f4xx_flash.o(i.FLASH_GetReadProtectStatus), (24 bytes).
    Removing at32f4xx_flash.o(i.FLASH_GetSlibCurCnt), (16 bytes).
    Removing at32f4xx_flash.o(i.FLASH_GetSlibDataStartPage), (16 bytes).
    Removing at32f4xx_flash.o(i.FLASH_GetSlibEndPage), (12 bytes).
    Removing at32f4xx_flash.o(i.FLASH_GetSlibInstrStartPage), (16 bytes).
    Removing at32f4xx_flash.o(i.FLASH_GetSlibStartPage), (16 bytes).
    Removing at32f4xx_flash.o(i.FLASH_GetSlibState), (24 bytes).
    Removing at32f4xx_flash.o(i.FLASH_GetStatus), (52 bytes).
    Removing at32f4xx_flash.o(i.FLASH_GetUserOptionByte), (12 bytes).
    Removing at32f4xx_flash.o(i.FLASH_GetWriteProtectStatus), (12 bytes).
    Removing at32f4xx_flash.o(i.FLASH_INTConfig), (88 bytes).
    Removing at32f4xx_flash.o(i.FLASH_Lock), (20 bytes).
    Removing at32f4xx_flash.o(i.FLASH_LockBank1), (20 bytes).
    Removing at32f4xx_flash.o(i.FLASH_LockBank3), (24 bytes).
    Removing at32f4xx_flash.o(i.FLASH_ProgramByte), (88 bytes).
    Removing at32f4xx_flash.o(i.FLASH_ProgramHalfWord), (152 bytes).
    Removing at32f4xx_flash.o(i.FLASH_ProgramUserOptionByteData), (88 bytes).
    Removing at32f4xx_flash.o(i.FLASH_ProgramWord), (152 bytes).
    Removing at32f4xx_flash.o(i.FLASH_ReadProtectConfig), (164 bytes).
    Removing at32f4xx_flash.o(i.FLASH_SlibDisable), (52 bytes).
    Removing at32f4xx_flash.o(i.FLASH_SlibMainEnable), (144 bytes).
    Removing at32f4xx_flash.o(i.FLASH_Unlock), (24 bytes).
    Removing at32f4xx_flash.o(i.FLASH_UnlockBank1), (24 bytes).
    Removing at32f4xx_flash.o(i.FLASH_UnlockBank3), (32 bytes).
    Removing at32f4xx_flash.o(i.FLASH_UserOptionByteConfig), (104 bytes).
    Removing at32f4xx_flash.o(i.FLASH_WaitForBank1Process), (38 bytes).
    Removing at32f4xx_flash.o(i.FLASH_WaitForBank3Process), (38 bytes).
    Removing at32f4xx_flash.o(i.FLASH_WaitForProcess), (38 bytes).
    Removing at32f4xx_gpio.o(.rev16_text), (4 bytes).
    Removing at32f4xx_gpio.o(.revsh_text), (4 bytes).
    Removing at32f4xx_gpio.o(.rrx_text), (6 bytes).
    Removing at32f4xx_gpio.o(i.GPIO_AFIOReset), (20 bytes).
    Removing at32f4xx_gpio.o(i.GPIO_ETH_MediaInterfaceConfig), (12 bytes).
    Removing at32f4xx_gpio.o(i.GPIO_EXTILineConfig), (64 bytes).
    Removing at32f4xx_gpio.o(i.GPIO_EventOutputCmd), (12 bytes).
    Removing at32f4xx_gpio.o(i.GPIO_EventOutputConfig), (32 bytes).
    Removing at32f4xx_gpio.o(i.GPIO_PinsLockConfig), (18 bytes).
    Removing at32f4xx_gpio.o(i.GPIO_PinsRemapConfig), (844 bytes).
    Removing at32f4xx_gpio.o(i.GPIO_ReadInputData), (8 bytes).
    Removing at32f4xx_gpio.o(i.GPIO_ReadInputDataBit), (18 bytes).
    Removing at32f4xx_gpio.o(i.GPIO_ReadOutputData), (8 bytes).
    Removing at32f4xx_gpio.o(i.GPIO_ReadOutputDataBit), (18 bytes).
    Removing at32f4xx_gpio.o(i.GPIO_Reset), (144 bytes).
    Removing at32f4xx_gpio.o(i.GPIO_ResetBits), (4 bytes).
    Removing at32f4xx_gpio.o(i.GPIO_SetBits), (4 bytes).
    Removing at32f4xx_gpio.o(i.GPIO_Write), (4 bytes).
    Removing at32f4xx_gpio.o(i.GPIO_WriteBit), (10 bytes).
    Removing at32f4xx_gpio_ex.o(.rev16_text), (4 bytes).
    Removing at32f4xx_gpio_ex.o(.revsh_text), (4 bytes).
    Removing at32f4xx_gpio_ex.o(.rrx_text), (6 bytes).
    Removing at32f4xx_i2c.o(.rev16_text), (4 bytes).
    Removing at32f4xx_i2c.o(.revsh_text), (4 bytes).
    Removing at32f4xx_i2c.o(.rrx_text), (6 bytes).
    Removing at32f4xx_i2c.o(i.I2C_ARPCmd), (24 bytes).
    Removing at32f4xx_i2c.o(i.I2C_AcknowledgeConfig), (24 bytes).
    Removing at32f4xx_i2c.o(i.I2C_CalculatePEC), (24 bytes).
    Removing at32f4xx_i2c.o(i.I2C_CheckEvent), (42 bytes).
    Removing at32f4xx_i2c.o(i.I2C_ClearFlag), (12 bytes).
    Removing at32f4xx_i2c.o(i.I2C_ClearITPendingBit), (12 bytes).
    Removing at32f4xx_i2c.o(i.I2C_Cmd), (24 bytes).
    Removing at32f4xx_i2c.o(i.I2C_DMACmd), (24 bytes).
    Removing at32f4xx_i2c.o(i.I2C_DMALastTransferCmd), (24 bytes).
    Removing at32f4xx_i2c.o(i.I2C_DeInit), (64 bytes).
    Removing at32f4xx_i2c.o(i.I2C_DualAddressCmd), (24 bytes).
    Removing at32f4xx_i2c.o(i.I2C_FastModeDutyCycleConfig), (28 bytes).
    Removing at32f4xx_i2c.o(i.I2C_GeneralCallCmd), (24 bytes).
    Removing at32f4xx_i2c.o(i.I2C_GenerateSTART), (24 bytes).
    Removing at32f4xx_i2c.o(i.I2C_GenerateSTOP), (24 bytes).
    Removing at32f4xx_i2c.o(i.I2C_GetFlagStatus), (58 bytes).
    Removing at32f4xx_i2c.o(i.I2C_GetINTStatus), (38 bytes).
    Removing at32f4xx_i2c.o(i.I2C_GetLastEvent), (26 bytes).
    Removing at32f4xx_i2c.o(i.I2C_GetPEC), (8 bytes).
    Removing at32f4xx_i2c.o(i.I2C_INTConfig), (18 bytes).
    Removing at32f4xx_i2c.o(i.I2C_Init), (232 bytes).
    Removing at32f4xx_i2c.o(i.I2C_NACKPositionConfig), (28 bytes).
    Removing at32f4xx_i2c.o(i.I2C_OwnAddress2Config), (22 bytes).
    Removing at32f4xx_i2c.o(i.I2C_PECPositionConfig), (28 bytes).
    Removing at32f4xx_i2c.o(i.I2C_ReadRegister), (22 bytes).
    Removing at32f4xx_i2c.o(i.I2C_ReceiveData), (8 bytes).
    Removing at32f4xx_i2c.o(i.I2C_SMBusAlertConfig), (28 bytes).
    Removing at32f4xx_i2c.o(i.I2C_Send7bitAddress), (18 bytes).
    Removing at32f4xx_i2c.o(i.I2C_SendData), (4 bytes).
    Removing at32f4xx_i2c.o(i.I2C_SoftwareResetCmd), (22 bytes).
    Removing at32f4xx_i2c.o(i.I2C_StretchClockCmd), (24 bytes).
    Removing at32f4xx_i2c.o(i.I2C_StructInit), (30 bytes).
    Removing at32f4xx_i2c.o(i.I2C_TransmitPEC), (24 bytes).
    Removing at32f4xx_rcc.o(.rev16_text), (4 bytes).
    Removing at32f4xx_rcc.o(.revsh_text), (4 bytes).
    Removing at32f4xx_rcc.o(.rrx_text), (6 bytes).
    Removing at32f4xx_rcc.o(i.RCC_ADCCLKConfig), (28 bytes).
    Removing at32f4xx_rcc.o(i.RCC_AHBCLKConfig), (24 bytes).
    Removing at32f4xx_rcc.o(i.RCC_AHBPeriphClockCmd), (32 bytes).
    Removing at32f4xx_rcc.o(i.RCC_APB1CLKConfig), (24 bytes).
    Removing at32f4xx_rcc.o(i.RCC_APB1PeriphResetCmd), (32 bytes).
    Removing at32f4xx_rcc.o(i.RCC_APB2CLKConfig), (24 bytes).
    Removing at32f4xx_rcc.o(i.RCC_APB2PeriphResetCmd), (32 bytes).
    Removing at32f4xx_rcc.o(i.RCC_BackupResetCmd), (12 bytes).
    Removing at32f4xx_rcc.o(i.RCC_CLKOUTConfig), (80 bytes).
    Removing at32f4xx_rcc.o(i.RCC_ClearFlag), (20 bytes).
    Removing at32f4xx_rcc.o(i.RCC_ClearINTPendingBit), (12 bytes).
    Removing at32f4xx_rcc.o(i.RCC_GetFlagStatus), (60 bytes).
    Removing at32f4xx_rcc.o(i.RCC_GetINTStatus), (24 bytes).
    Removing at32f4xx_rcc.o(i.RCC_GetSYSCLKSelction), (16 bytes).
    Removing at32f4xx_rcc.o(i.RCC_HSEClockFailureDetectorCmd), (12 bytes).
    Removing at32f4xx_rcc.o(i.RCC_HSEConfig), (76 bytes).
    Removing at32f4xx_rcc.o(i.RCC_HSEENDelay), (12 bytes).
    Removing at32f4xx_rcc.o(i.RCC_HSI2SYS48M), (48 bytes).
    Removing at32f4xx_rcc.o(i.RCC_HSI2USB48M), (48 bytes).
    Removing at32f4xx_rcc.o(i.RCC_HSICmd), (12 bytes).
    Removing at32f4xx_rcc.o(i.RCC_INTConfig), (32 bytes).
    Removing at32f4xx_rcc.o(i.RCC_LSEConfig), (52 bytes).
    Removing at32f4xx_rcc.o(i.RCC_LSICmd), (12 bytes).
    Removing at32f4xx_rcc.o(i.RCC_MCO2TMR10), (36 bytes).
    Removing at32f4xx_rcc.o(i.RCC_PLLCmd), (12 bytes).
    Removing at32f4xx_rcc.o(i.RCC_PLLConfig), (36 bytes).
    Removing at32f4xx_rcc.o(i.RCC_RTCCLKCmd), (12 bytes).
    Removing at32f4xx_rcc.o(i.RCC_RTCCLKConfig), (16 bytes).
    Removing at32f4xx_rcc.o(i.RCC_Reset), (96 bytes).
    Removing at32f4xx_rcc.o(i.RCC_SYSCLKConfig), (24 bytes).
    Removing at32f4xx_rcc.o(i.RCC_SetHSICalibValue), (44 bytes).
    Removing at32f4xx_rcc.o(i.RCC_SetHSITweakValue), (24 bytes).
    Removing at32f4xx_rcc.o(i.RCC_StepModeCmd), (36 bytes).
    Removing at32f4xx_rcc.o(i.RCC_USBCLKConfig), (24 bytes).
    Removing at32f4xx_rcc.o(i.RCC_USBINTRemap), (36 bytes).
    Removing at32f4xx_rcc.o(i.RCC_WaitForHSEStable), (64 bytes).
    Removing at32f4xx_spi.o(.rev16_text), (4 bytes).
    Removing at32f4xx_spi.o(.revsh_text), (4 bytes).
    Removing at32f4xx_spi.o(.rrx_text), (6 bytes).
    Removing at32f4xx_spi.o(i.I2S_DefaultInit), (20 bytes).
    Removing at32f4xx_spi.o(i.I2S_Enable), (24 bytes).
    Removing at32f4xx_spi.o(i.I2S_Init), (256 bytes).
    Removing at32f4xx_spi.o(i.SPI_CRCEN), (24 bytes).
    Removing at32f4xx_spi.o(i.SPI_DefaultInitParaConfig), (24 bytes).
    Removing at32f4xx_spi.o(i.SPI_Enable), (24 bytes).
    Removing at32f4xx_spi.o(i.SPI_FrameSizeConfig), (18 bytes).
    Removing at32f4xx_spi.o(i.SPI_GetCRC), (16 bytes).
    Removing at32f4xx_spi.o(i.SPI_GetCRCPolynomial), (6 bytes).
    Removing at32f4xx_spi.o(i.SPI_HalfDuplexTransModeConfig), (28 bytes).
    Removing at32f4xx_spi.o(i.SPI_I2S_ClearFlag), (6 bytes).
    Removing at32f4xx_spi.o(i.SPI_I2S_ClearINTPendingBit), (20 bytes).
    Removing at32f4xx_spi.o(i.SPI_I2S_DMAEnable), (18 bytes).
    Removing at32f4xx_spi.o(i.SPI_I2S_GetFlagStatus), (18 bytes).
    Removing at32f4xx_spi.o(i.SPI_I2S_GetITStatus), (52 bytes).
    Removing at32f4xx_spi.o(i.SPI_I2S_INTConfig), (32 bytes).
    Removing at32f4xx_spi.o(i.SPI_I2S_Reset), (60 bytes).
    Removing at32f4xx_spi.o(i.SPI_I2S_RxData), (6 bytes).
    Removing at32f4xx_spi.o(i.SPI_I2S_TxData), (4 bytes).
    Removing at32f4xx_spi.o(i.SPI_Init), (90 bytes).
    Removing at32f4xx_spi.o(i.SPI_NSSHardwareOutputEnable), (24 bytes).
    Removing at32f4xx_spi.o(i.SPI_NSSInternalSoftwareConfig), (30 bytes).
    Removing at32f4xx_spi.o(i.SPI_TxCRC), (10 bytes).
    Removing at32f4xx_usart.o(.rev16_text), (4 bytes).
    Removing at32f4xx_usart.o(.revsh_text), (4 bytes).
    Removing at32f4xx_usart.o(.rrx_text), (6 bytes).
    Removing at32f4xx_usart.o(i.USART_ClearFlag), (18 bytes).
    Removing at32f4xx_usart.o(i.USART_ClockInit), (34 bytes).
    Removing at32f4xx_usart.o(i.USART_ClockStructInit), (12 bytes).
    Removing at32f4xx_usart.o(i.USART_DMACmd), (18 bytes).
    Removing at32f4xx_usart.o(i.USART_HalfDuplexCmd), (24 bytes).
    Removing at32f4xx_usart.o(i.USART_IrDACmd), (24 bytes).
    Removing at32f4xx_usart.o(i.USART_IrDAConfig), (18 bytes).
    Removing at32f4xx_usart.o(i.USART_LINBreakDetectLengthConfig), (18 bytes).
    Removing at32f4xx_usart.o(i.USART_LINCmd), (24 bytes).
    Removing at32f4xx_usart.o(i.USART_ReceiverWakeUpCmd), (24 bytes).
    Removing at32f4xx_usart.o(i.USART_Reset), (156 bytes).
    Removing at32f4xx_usart.o(i.USART_SendBreak), (10 bytes).
    Removing at32f4xx_usart.o(i.USART_SetAddress), (18 bytes).
    Removing at32f4xx_usart.o(i.USART_SetGuardTime), (16 bytes).
    Removing at32f4xx_usart.o(i.USART_SetPrescaler), (16 bytes).
    Removing at32f4xx_usart.o(i.USART_SmartCardCmd), (24 bytes).
    Removing at32f4xx_usart.o(i.USART_SmartCardNACKCmd), (24 bytes).
    Removing at32f4xx_usart.o(i.USART_WakeUpConfig), (18 bytes).
    Removing misc.o(.rev16_text), (4 bytes).
    Removing misc.o(.revsh_text), (4 bytes).
    Removing misc.o(.rrx_text), (6 bytes).
    Removing misc.o(i.NVIC_SetVectorTable), (20 bytes).
    Removing misc.o(i.NVIC_SystemLPConfig), (32 bytes).
    Removing at32f4xx_adc.o(.rev16_text), (4 bytes).
    Removing at32f4xx_adc.o(.revsh_text), (4 bytes).
    Removing at32f4xx_adc.o(.rrx_text), (6 bytes).
    Removing at32f4xx_adc.o(i.ADC_AnalogWDGCtrl), (20 bytes).
    Removing at32f4xx_adc.o(i.ADC_AnalogWDGSingleChannelConfig), (16 bytes).
    Removing at32f4xx_adc.o(i.ADC_AnalogWDGThresholdsConfig), (6 bytes).
    Removing at32f4xx_adc.o(i.ADC_AutoInjectedConvCtrl), (22 bytes).
    Removing at32f4xx_adc.o(i.ADC_ClearFlag), (6 bytes).
    Removing at32f4xx_adc.o(i.ADC_ClearINTPendingBit), (10 bytes).
    Removing at32f4xx_adc.o(i.ADC_Ctrl), (22 bytes).
    Removing at32f4xx_adc.o(i.ADC_DMACtrl), (22 bytes).
    Removing at32f4xx_adc.o(i.ADC_DiscModeChannelCountConfig), (24 bytes).
    Removing at32f4xx_adc.o(i.ADC_DiscModeCtrl), (22 bytes).
    Removing at32f4xx_adc.o(i.ADC_ExternalTrigConvCtrl), (22 bytes).
    Removing at32f4xx_adc.o(i.ADC_ExternalTrigInjectedConvConfig), (20 bytes).
    Removing at32f4xx_adc.o(i.ADC_ExternalTrigInjectedConvCtrl), (22 bytes).
    Removing at32f4xx_adc.o(i.ADC_GetCalibrationStatus), (20 bytes).
    Removing at32f4xx_adc.o(i.ADC_GetConversionValue), (8 bytes).
    Removing at32f4xx_adc.o(i.ADC_GetDualModeConversionValue), (12 bytes).
    Removing at32f4xx_adc.o(i.ADC_GetFlagStatus), (18 bytes).
    Removing at32f4xx_adc.o(i.ADC_GetINTStatus), (36 bytes).
    Removing at32f4xx_adc.o(i.ADC_GetInjectedConversionValue), (28 bytes).
    Removing at32f4xx_adc.o(i.ADC_GetResetCalibrationStatus), (20 bytes).
    Removing at32f4xx_adc.o(i.ADC_GetSoftwareStartConvStatus), (20 bytes).
    Removing at32f4xx_adc.o(i.ADC_GetSoftwareStartInjectedConvCtrlStatus), (20 bytes).
    Removing at32f4xx_adc.o(i.ADC_INTConfig), (24 bytes).
    Removing at32f4xx_adc.o(i.ADC_Init), (80 bytes).
    Removing at32f4xx_adc.o(i.ADC_InjectedChannelConfig), (130 bytes).
    Removing at32f4xx_adc.o(i.ADC_InjectedDiscModeCtrl), (22 bytes).
    Removing at32f4xx_adc.o(i.ADC_InjectedSequencerLengthConfig), (24 bytes).
    Removing at32f4xx_adc.o(i.ADC_RegularChannelConfig), (184 bytes).
    Removing at32f4xx_adc.o(i.ADC_Reset), (60 bytes).
    Removing at32f4xx_adc.o(i.ADC_RstCalibration), (10 bytes).
    Removing at32f4xx_adc.o(i.ADC_SetInjectedOffset), (20 bytes).
    Removing at32f4xx_adc.o(i.ADC_SoftwareStartConvCtrl), (22 bytes).
    Removing at32f4xx_adc.o(i.ADC_SoftwareStartInjectedConvCtrl), (22 bytes).
    Removing at32f4xx_adc.o(i.ADC_StartCalibration), (10 bytes).
    Removing at32f4xx_adc.o(i.ADC_StructInit), (18 bytes).
    Removing at32f4xx_adc.o(i.ADC_TempSensorVrefintCtrl), (36 bytes).
    Removing at32f4xx_dma.o(.rev16_text), (4 bytes).
    Removing at32f4xx_dma.o(.revsh_text), (4 bytes).
    Removing at32f4xx_dma.o(.rrx_text), (6 bytes).
    Removing at32f4xx_dma.o(i.DMA_ChannelEnable), (24 bytes).
    Removing at32f4xx_dma.o(i.DMA_ClearFlag), (28 bytes).
    Removing at32f4xx_dma.o(i.DMA_ClearITPendingBit), (28 bytes).
    Removing at32f4xx_dma.o(i.DMA_DefaultInitParaConfig), (26 bytes).
    Removing at32f4xx_dma.o(i.DMA_Flexible_Config), (210 bytes).
    Removing at32f4xx_dma.o(i.DMA_GetCurrDataCounter), (8 bytes).
    Removing at32f4xx_dma.o(i.DMA_GetFlagStatus), (44 bytes).
    Removing at32f4xx_dma.o(i.DMA_GetITStatus), (44 bytes).
    Removing at32f4xx_dma.o(i.DMA_INTConfig), (18 bytes).
    Removing at32f4xx_dma.o(i.DMA_Init), (60 bytes).
    Removing at32f4xx_dma.o(i.DMA_Reset), (332 bytes).
    Removing at32f4xx_dma.o(i.DMA_SetCurrDataCounter), (4 bytes).
    Removing at32f4xx_tim.o(.rev16_text), (4 bytes).
    Removing at32f4xx_tim.o(.revsh_text), (4 bytes).
    Removing at32f4xx_tim.o(.rrx_text), (6 bytes).
    Removing at32f4xx_tim.o(i.TI1_Config), (128 bytes).
    Removing at32f4xx_tim.o(i.TI2_Config), (152 bytes).
    Removing at32f4xx_tim.o(i.TI3_Config), (144 bytes).
    Removing at32f4xx_tim.o(i.TI4_Config), (152 bytes).
    Removing at32f4xx_tim.o(i.TMR_ARPreloadConfig), (24 bytes).
    Removing at32f4xx_tim.o(i.TMR_BRKDTConfig), (32 bytes).
    Removing at32f4xx_tim.o(i.TMR_BRKDTStructInit), (18 bytes).
    Removing at32f4xx_tim.o(i.TMR_CCPreloadControl), (24 bytes).
    Removing at32f4xx_tim.o(i.TMR_CCxCmd), (30 bytes).
    Removing at32f4xx_tim.o(i.TMR_CCxNCmd), (30 bytes).
    Removing at32f4xx_tim.o(i.TMR_ClearFlag), (6 bytes).
    Removing at32f4xx_tim.o(i.TMR_ClearOC1Ref), (18 bytes).
    Removing at32f4xx_tim.o(i.TMR_ClearOC2Ref), (24 bytes).
    Removing at32f4xx_tim.o(i.TMR_ClearOC3Ref), (18 bytes).
    Removing at32f4xx_tim.o(i.TMR_ClearOC4Ref), (24 bytes).
    Removing at32f4xx_tim.o(i.TMR_CounterModeConfig), (18 bytes).
    Removing at32f4xx_tim.o(i.TMR_CtrlPWMOutputs), (30 bytes).
    Removing at32f4xx_tim.o(i.TMR_DIVConfig), (6 bytes).
    Removing at32f4xx_tim.o(i.TMR_DMACmd), (18 bytes).
    Removing at32f4xx_tim.o(i.TMR_DMAConfig), (10 bytes).
    Removing at32f4xx_tim.o(i.TMR_ETRClockMode1Config), (54 bytes).
    Removing at32f4xx_tim.o(i.TMR_ETRClockMode2Config), (32 bytes).
    Removing at32f4xx_tim.o(i.TMR_ETRConfig), (28 bytes).
    Removing at32f4xx_tim.o(i.TMR_EncoderInterfaceConfig), (66 bytes).
    Removing at32f4xx_tim.o(i.TMR_ForcedOC1Config), (18 bytes).
    Removing at32f4xx_tim.o(i.TMR_ForcedOC2Config), (26 bytes).
    Removing at32f4xx_tim.o(i.TMR_ForcedOC3Config), (18 bytes).
    Removing at32f4xx_tim.o(i.TMR_ForcedOC4Config), (26 bytes).
    Removing at32f4xx_tim.o(i.TMR_GenerateEvent), (4 bytes).
    Removing at32f4xx_tim.o(i.TMR_GetCapture1), (6 bytes).
    Removing at32f4xx_tim.o(i.TMR_GetCapture2), (6 bytes).
    Removing at32f4xx_tim.o(i.TMR_GetCapture3), (6 bytes).
    Removing at32f4xx_tim.o(i.TMR_GetCapture4), (6 bytes).
    Removing at32f4xx_tim.o(i.TMR_GetCounter), (6 bytes).
    Removing at32f4xx_tim.o(i.TMR_GetDIV), (6 bytes).
    Removing at32f4xx_tim.o(i.TMR_GetFlagStatus), (18 bytes).
    Removing at32f4xx_tim.o(i.TMR_ICInit), (110 bytes).
    Removing at32f4xx_tim.o(i.TMR_ICStructInit), (18 bytes).
    Removing at32f4xx_tim.o(i.TMR_ITRxExternalClockConfig), (24 bytes).
    Removing at32f4xx_tim.o(i.TMR_InternalClockConfig), (12 bytes).
    Removing at32f4xx_tim.o(i.TMR_OC1FastConfig), (18 bytes).
    Removing at32f4xx_tim.o(i.TMR_OC1NPolarityConfig), (18 bytes).
    Removing at32f4xx_tim.o(i.TMR_OC1PolarityConfig), (18 bytes).
    Removing at32f4xx_tim.o(i.TMR_OC2FastConfig), (26 bytes).
    Removing at32f4xx_tim.o(i.TMR_OC2Init), (164 bytes).
    Removing at32f4xx_tim.o(i.TMR_OC2NPolarityConfig), (26 bytes).
    Removing at32f4xx_tim.o(i.TMR_OC2PolarityConfig), (26 bytes).
    Removing at32f4xx_tim.o(i.TMR_OC2PreloadConfig), (26 bytes).
    Removing at32f4xx_tim.o(i.TMR_OC3FastConfig), (18 bytes).
    Removing at32f4xx_tim.o(i.TMR_OC3Init), (160 bytes).
    Removing at32f4xx_tim.o(i.TMR_OC3NPolarityConfig), (26 bytes).
    Removing at32f4xx_tim.o(i.TMR_OC3PolarityConfig), (26 bytes).
    Removing at32f4xx_tim.o(i.TMR_OC3PreloadConfig), (18 bytes).
    Removing at32f4xx_tim.o(i.TMR_OC4FastConfig), (26 bytes).
    Removing at32f4xx_tim.o(i.TMR_OC4Init), (120 bytes).
    Removing at32f4xx_tim.o(i.TMR_OC4PolarityConfig), (26 bytes).
    Removing at32f4xx_tim.o(i.TMR_OC4PreloadConfig), (26 bytes).
    Removing at32f4xx_tim.o(i.TMR_PWMIConfig), (124 bytes).
    Removing at32f4xx_tim.o(i.TMR_Reset), (260 bytes).
    Removing at32f4xx_tim.o(i.TMR_SelectCCDMA), (24 bytes).
    Removing at32f4xx_tim.o(i.TMR_SelectHALL), (24 bytes).
    Removing at32f4xx_tim.o(i.TMR_SelectHallSensor), (24 bytes).
    Removing at32f4xx_tim.o(i.TMR_SelectInputTrigger), (18 bytes).
    Removing at32f4xx_tim.o(i.TMR_SelectMasterSlaveMode), (18 bytes).
    Removing at32f4xx_tim.o(i.TMR_SelectOCxM), (82 bytes).
    Removing at32f4xx_tim.o(i.TMR_SelectOnePulseMode), (18 bytes).
    Removing at32f4xx_tim.o(i.TMR_SelectOutputTrigger), (18 bytes).
    Removing at32f4xx_tim.o(i.TMR_SelectPlusMode), (56 bytes).
    Removing at32f4xx_tim.o(i.TMR_SelectSlaveMode), (18 bytes).
    Removing at32f4xx_tim.o(i.TMR_SetAutoreload), (4 bytes).
    Removing at32f4xx_tim.o(i.TMR_SetClockDivision), (18 bytes).
    Removing at32f4xx_tim.o(i.TMR_SetCompare1), (4 bytes).
    Removing at32f4xx_tim.o(i.TMR_SetCompare2), (4 bytes).
    Removing at32f4xx_tim.o(i.TMR_SetCompare3), (4 bytes).
    Removing at32f4xx_tim.o(i.TMR_SetCompare4), (4 bytes).
    Removing at32f4xx_tim.o(i.TMR_SetCounter), (4 bytes).
    Removing at32f4xx_tim.o(i.TMR_SetIC1DIV), (18 bytes).
    Removing at32f4xx_tim.o(i.TMR_SetIC2DIV), (26 bytes).
    Removing at32f4xx_tim.o(i.TMR_SetIC3DIV), (18 bytes).
    Removing at32f4xx_tim.o(i.TMR_SetIC4DIV), (26 bytes).
    Removing at32f4xx_tim.o(i.TMR_TIxExternalClockConfig), (62 bytes).
    Removing at32f4xx_tim.o(i.TMR_UpdateDisableConfig), (24 bytes).
    Removing at32f4xx_tim.o(i.TMR_UpdateRequestConfig), (24 bytes).

365 unused section(s) (total 13962 bytes) removed from the image.

==============================================================================

Image Symbol Table

    Local Symbols

    Symbol Name                              Value     Ov Type        Size  Object(Section)

    ../clib/microlib/division.c              0x00000000   Number         0  uldiv.o ABSOLUTE
    ../clib/microlib/init/entry.s            0x00000000   Number         0  entry7b.o ABSOLUTE
    ../clib/microlib/init/entry.s            0x00000000   Number         0  entry9a.o ABSOLUTE
    ../clib/microlib/init/entry.s            0x00000000   Number         0  entry9b.o ABSOLUTE
    ../clib/microlib/init/entry.s            0x00000000   Number         0  entry10a.o ABSOLUTE
    ../clib/microlib/init/entry.s            0x00000000   Number         0  entry8a.o ABSOLUTE
    ../clib/microlib/init/entry.s            0x00000000   Number         0  entry11a.o ABSOLUTE
    ../clib/microlib/init/entry.s            0x00000000   Number         0  entry8b.o ABSOLUTE
    ../clib/microlib/init/entry.s            0x00000000   Number         0  entry11b.o ABSOLUTE
    ../clib/microlib/init/entry.s            0x00000000   Number         0  entry7a.o ABSOLUTE
    ../clib/microlib/init/entry.s            0x00000000   Number         0  entry12a.o ABSOLUTE
    ../clib/microlib/init/entry.s            0x00000000   Number         0  entry12b.o ABSOLUTE
    ../clib/microlib/init/entry.s            0x00000000   Number         0  entry5.o ABSOLUTE
    ../clib/microlib/init/entry.s            0x00000000   Number         0  entry10b.o ABSOLUTE
    ../clib/microlib/init/entry.s            0x00000000   Number         0  entry2.o ABSOLUTE
    ../clib/microlib/init/entry.s            0x00000000   Number         0  entry.o ABSOLUTE
    ../clib/microlib/longlong.c              0x00000000   Number         0  llshl.o ABSOLUTE
    ../clib/microlib/longlong.c              0x00000000   Number         0  llushr.o ABSOLUTE
    ..\\makefile\\src\\at32_delay.c          0x00000000   Number         0  at32_delay.o ABSOLUTE
    ..\\makefile\\src\\configuration.c       0x00000000   Number         0  configuration.o ABSOLUTE
    ..\\makefile\\src\\global.c              0x00000000   Number         0  global.o ABSOLUTE
    ..\\src\\at32f4xx_adc.c                  0x00000000   Number         0  at32f4xx_adc.o ABSOLUTE
    ..\\src\\at32f4xx_dma.c                  0x00000000   Number         0  at32f4xx_dma.o ABSOLUTE
    ..\\src\\at32f4xx_exti.c                 0x00000000   Number         0  at32f4xx_exti.o ABSOLUTE
    ..\\src\\at32f4xx_flash.c                0x00000000   Number         0  at32f4xx_flash.o ABSOLUTE
    ..\\src\\at32f4xx_gpio.c                 0x00000000   Number         0  at32f4xx_gpio.o ABSOLUTE
    ..\\src\\at32f4xx_gpio_ex.c              0x00000000   Number         0  at32f4xx_gpio_ex.o ABSOLUTE
    ..\\src\\at32f4xx_i2c.c                  0x00000000   Number         0  at32f4xx_i2c.o ABSOLUTE
    ..\\src\\at32f4xx_it.c                   0x00000000   Number         0  at32f4xx_it.o ABSOLUTE
    ..\\src\\at32f4xx_rcc.c                  0x00000000   Number         0  at32f4xx_rcc.o ABSOLUTE
    ..\\src\\at32f4xx_spi.c                  0x00000000   Number         0  at32f4xx_spi.o ABSOLUTE
    ..\\src\\at32f4xx_tim.c                  0x00000000   Number         0  at32f4xx_tim.o ABSOLUTE
    ..\\src\\at32f4xx_usart.c                0x00000000   Number         0  at32f4xx_usart.o ABSOLUTE
    ..\\src\\main.c                          0x00000000   Number         0  main.o ABSOLUTE
    ..\\src\\misc.c                          0x00000000   Number         0  misc.o ABSOLUTE
    ..\\src\\system_at32f4xx.c               0x00000000   Number         0  system_at32f4xx.o ABSOLUTE
    ..\makefile\src\at32_delay.c             0x00000000   Number         0  at32_delay.o ABSOLUTE
    ..\makefile\src\configuration.c          0x00000000   Number         0  configuration.o ABSOLUTE
    ..\makefile\src\global.c                 0x00000000   Number         0  global.o ABSOLUTE
    ..\src\at32f4xx_adc.c                    0x00000000   Number         0  at32f4xx_adc.o ABSOLUTE
    ..\src\at32f4xx_dma.c                    0x00000000   Number         0  at32f4xx_dma.o ABSOLUTE
    ..\src\at32f4xx_exti.c                   0x00000000   Number         0  at32f4xx_exti.o ABSOLUTE
    ..\src\at32f4xx_flash.c                  0x00000000   Number         0  at32f4xx_flash.o ABSOLUTE
    ..\src\at32f4xx_gpio.c                   0x00000000   Number         0  at32f4xx_gpio.o ABSOLUTE
    ..\src\at32f4xx_gpio_ex.c                0x00000000   Number         0  at32f4xx_gpio_ex.o ABSOLUTE
    ..\src\at32f4xx_i2c.c                    0x00000000   Number         0  at32f4xx_i2c.o ABSOLUTE
    ..\src\at32f4xx_it.c                     0x00000000   Number         0  at32f4xx_it.o ABSOLUTE
    ..\src\at32f4xx_rcc.c                    0x00000000   Number         0  at32f4xx_rcc.o ABSOLUTE
    ..\src\at32f4xx_spi.c                    0x00000000   Number         0  at32f4xx_spi.o ABSOLUTE
    ..\src\at32f4xx_tim.c                    0x00000000   Number         0  at32f4xx_tim.o ABSOLUTE
    ..\src\at32f4xx_usart.c                  0x00000000   Number         0  at32f4xx_usart.o ABSOLUTE
    ..\src\main.c                            0x00000000   Number         0  main.o ABSOLUTE
    ..\src\misc.c                            0x00000000   Number         0  misc.o ABSOLUTE
    ..\src\startup_at32f413rx_hd.s           0x00000000   Number         0  startup_at32f413rx_hd.o ABSOLUTE
    ..\src\system_at32f4xx.c                 0x00000000   Number         0  system_at32f4xx.o ABSOLUTE
    dc.s                                     0x00000000   Number         0  dc.o ABSOLUTE
    handlers.s                               0x00000000   Number         0  handlers.o ABSOLUTE
    init.s                                   0x00000000   Number         0  init.o ABSOLUTE
    RESET                                    0x08000000   Section      368  startup_at32f413rx_hd.o(RESET)
    .ARM.Collect$$$$00000000                 0x08000170   Section        0  entry.o(.ARM.Collect$$$$00000000)
    .ARM.Collect$$$$00000001                 0x08000170   Section        4  entry2.o(.ARM.Collect$$$$00000001)
    .ARM.Collect$$$$00000004                 0x08000174   Section        4  entry5.o(.ARM.Collect$$$$00000004)
    .ARM.Collect$$$$00000008                 0x08000178   Section        0  entry7b.o(.ARM.Collect$$$$00000008)
    .ARM.Collect$$$$0000000A                 0x08000178   Section        0  entry8b.o(.ARM.Collect$$$$0000000A)
    .ARM.Collect$$$$0000000B                 0x08000178   Section        8  entry9a.o(.ARM.Collect$$$$0000000B)
    .ARM.Collect$$$$0000000E                 0x08000180   Section        4  entry12b.o(.ARM.Collect$$$$0000000E)
    .ARM.Collect$$$$0000000F                 0x08000184   Section        0  entry10a.o(.ARM.Collect$$$$0000000F)
    .ARM.Collect$$$$00000011                 0x08000184   Section        0  entry11a.o(.ARM.Collect$$$$00000011)
    .ARM.Collect$$$$00002712                 0x08000184   Section        4  entry2.o(.ARM.Collect$$$$00002712)
    __lit__00000000                          0x08000184   Data           4  entry2.o(.ARM.Collect$$$$00002712)
    .text                                    0x08000188   Section       36  startup_at32f413rx_hd.o(.text)
    $v0                                      0x08000188   Number         0  startup_at32f413rx_hd.o(.text)
    .text                                    0x080001ac   Section        0  uldiv.o(.text)
    .text                                    0x0800020e   Section        0  llshl.o(.text)
    .text                                    0x0800022c   Section        0  llushr.o(.text)
    .text                                    0x0800024c   Section       36  init.o(.text)
    i.BusFault_Handler                       0x08000270   Section        0  at32f4xx_it.o(i.BusFault_Handler)
    i.DebugMon_Handler                       0x08000274   Section        0  at32f4xx_it.o(i.DebugMon_Handler)
    i.Delay_init                             0x08000278   Section        0  at32_delay.o(i.Delay_init)
    i.GPIO_Configuration                     0x080002b0   Section        0  configuration.o(i.GPIO_Configuration)
    i.GPIO_Init                              0x08000314   Section        0  at32f4xx_gpio.o(i.GPIO_Init)
    i.GPIO_StructInit                        0x0800042a   Section        0  at32f4xx_gpio.o(i.GPIO_StructInit)
    i.HardFault_Handler                      0x0800043a   Section        0  at32f4xx_it.o(i.HardFault_Handler)
    i.MemManage_Handler                      0x0800043e   Section        0  at32f4xx_it.o(i.MemManage_Handler)
    i.NMI_Handler                            0x08000442   Section        0  at32f4xx_it.o(i.NMI_Handler)
    i.NVIC_Configuration                     0x08000444   Section        0  configuration.o(i.NVIC_Configuration)
    i.NVIC_Init                              0x08000488   Section        0  misc.o(i.NVIC_Init)
    i.NVIC_PriorityGroupConfig               0x080004f8   Section        0  misc.o(i.NVIC_PriorityGroupConfig)
    i.RCC_APB1PeriphClockCmd                 0x0800050c   Section        0  at32f4xx_rcc.o(i.RCC_APB1PeriphClockCmd)
    i.RCC_APB2PeriphClockCmd                 0x0800052c   Section        0  at32f4xx_rcc.o(i.RCC_APB2PeriphClockCmd)
    i.RCC_Configuration                      0x0800054c   Section        0  configuration.o(i.RCC_Configuration)
    i.RCC_GetClocksFreq                      0x08000578   Section        0  at32f4xx_rcc.o(i.RCC_GetClocksFreq)
    i.SetSysClock                            0x080006e0   Section        0  system_at32f4xx.o(i.SetSysClock)
    SetSysClock                              0x080006e1   Thumb Code     2  system_at32f4xx.o(i.SetSysClock)
    i.SysTick_CLKSourceConfig                0x080006e2   Section        0  misc.o(i.SysTick_CLKSourceConfig)
    i.SystemInit                             0x0800070c   Section        0  system_at32f4xx.o(i.SystemInit)
    i.TIMER_Configuration                    0x08000790   Section        0  configuration.o(i.TIMER_Configuration)
    i.TMR2_GLOBAL_IRQHandler                 0x0800080c   Section        0  main.o(i.TMR2_GLOBAL_IRQHandler)
    i.TMR_ClearITPendingBit                  0x08000838   Section        0  at32f4xx_tim.o(i.TMR_ClearITPendingBit)
    i.TMR_Cmd                                0x0800083e   Section        0  at32f4xx_tim.o(i.TMR_Cmd)
    i.TMR_GetINTStatus                       0x08000856   Section        0  at32f4xx_tim.o(i.TMR_GetINTStatus)
    i.TMR_INTConfig                          0x08000878   Section        0  at32f4xx_tim.o(i.TMR_INTConfig)
    i.TMR_OC1Init                            0x0800088c   Section        0  at32f4xx_tim.o(i.TMR_OC1Init)
    i.TMR_OC1PreloadConfig                   0x08000908   Section        0  at32f4xx_tim.o(i.TMR_OC1PreloadConfig)
    i.TMR_OCStructInit                       0x0800091a   Section        0  at32f4xx_tim.o(i.TMR_OCStructInit)
    i.TMR_TimeBaseInit                       0x08000930   Section        0  at32f4xx_tim.o(i.TMR_TimeBaseInit)
    i.TMR_TimeBaseStructInit                 0x080009a4   Section        0  at32f4xx_tim.o(i.TMR_TimeBaseStructInit)
    i.UART_Configuration                     0x080009b8   Section        0  configuration.o(i.UART_Configuration)
    i.USART1_IRQHandler                      0x08000a0c   Section        0  main.o(i.USART1_IRQHandler)
    i.USART_ClearITPendingBit                0x08000a74   Section        0  at32f4xx_usart.o(i.USART_ClearITPendingBit)
    i.USART_Cmd                              0x08000a92   Section        0  at32f4xx_usart.o(i.USART_Cmd)
    i.USART_GetFlagStatus                    0x08000aaa   Section        0  at32f4xx_usart.o(i.USART_GetFlagStatus)
    i.USART_GetITStatus                      0x08000ac4   Section        0  at32f4xx_usart.o(i.USART_GetITStatus)
    i.USART_INTConfig                        0x08000b18   Section        0  at32f4xx_usart.o(i.USART_INTConfig)
    i.USART_Init                             0x08000b64   Section        0  at32f4xx_usart.o(i.USART_Init)
    i.USART_ReceiveData                      0x08000c4c   Section        0  at32f4xx_usart.o(i.USART_ReceiveData)
    i.USART_SendData                         0x08000c56   Section        0  at32f4xx_usart.o(i.USART_SendData)
    i.USART_StructInit                       0x08000c5e   Section        0  at32f4xx_usart.o(i.USART_StructInit)
    i.UsageFault_Handler                     0x08000c76   Section        0  at32f4xx_it.o(i.UsageFault_Handler)
    i.__scatterload_copy                     0x08000c7a   Section       14  handlers.o(i.__scatterload_copy)
    i.__scatterload_null                     0x08000c88   Section        2  handlers.o(i.__scatterload_null)
    i.__scatterload_zeroinit                 0x08000c8a   Section       14  handlers.o(i.__scatterload_zeroinit)
    i.echoBufferData                         0x08000c98   Section        0  main.o(i.echoBufferData)
    i.main                                   0x08000cf4   Section        0  main.o(i.main)
    .constdata                               0x08000d10   Section       16  at32f4xx_rcc.o(.constdata)
    APBAHBPscTable                           0x08000d10   Data           8  at32f4xx_rcc.o(.constdata)
    ADCPscTable                              0x08000d18   Data           8  at32f4xx_rcc.o(.constdata)
    .data                                    0x20000000   Section       20  system_at32f4xx.o(.data)
    .data                                    0x20000014   Section        8  at32_delay.o(.data)
    fac_us                                   0x20000014   Data           4  at32_delay.o(.data)
    fac_ms                                   0x20000018   Data           4  at32_delay.o(.data)
    .bss                                     0x2000001c   Section      130  main.o(.bss)
    STACK                                    0x200000a0   Section     1024  startup_at32f413rx_hd.o(STACK)

    Global Symbols

    Symbol Name                              Value     Ov Type        Size  Object(Section)

    BuildAttributes$$THM_ISAv4$E$P$D$K$B$S$7EM$VFPi3$EXTD16$VFPS$VFMA$PE$A:L22UL41UL21$X:L11$S22US41US21$IEEE1$IW$USESV6$~STKCKD$USESV7$~SHL$OSPACE$EBA8$MICROLIB$REQ8$PRES8$EABIv2 0x00000000   Number         0  anon$$obj.o ABSOLUTE
    __ARM_use_no_argv                        0x00000000   Number         0  main.o ABSOLUTE
    __arm_fini_                               - Undefined Weak Reference
    __cpp_initialize__aeabi_                  - Undefined Weak Reference
    __cxa_finalize                            - Undefined Weak Reference
    __decompress                              - Undefined Weak Reference
    _clock_init                               - Undefined Weak Reference
    _microlib_exit                            - Undefined Weak Reference
    __Vectors_Size                           0x00000170   Number         0  startup_at32f413rx_hd.o ABSOLUTE
    __Vectors                                0x08000000   Data           4  startup_at32f413rx_hd.o(RESET)
    __Vectors_End                            0x08000170   Data           0  startup_at32f413rx_hd.o(RESET)
    __main                                   0x08000171   Thumb Code     0  entry.o(.ARM.Collect$$$$00000000)
    _main_stk                                0x08000171   Thumb Code     0  entry2.o(.ARM.Collect$$$$00000001)
    _main_scatterload                        0x08000175   Thumb Code     0  entry5.o(.ARM.Collect$$$$00000004)
    __main_after_scatterload                 0x08000179   Thumb Code     0  entry5.o(.ARM.Collect$$$$00000004)
    _main_clock                              0x08000179   Thumb Code     0  entry7b.o(.ARM.Collect$$$$00000008)
    _main_cpp_init                           0x08000179   Thumb Code     0  entry8b.o(.ARM.Collect$$$$0000000A)
    _main_init                               0x08000179   Thumb Code     0  entry9a.o(.ARM.Collect$$$$0000000B)
    __rt_lib_shutdown_fini                   0x08000181   Thumb Code     0  entry12b.o(.ARM.Collect$$$$0000000E)
    __rt_final_cpp                           0x08000185   Thumb Code     0  entry10a.o(.ARM.Collect$$$$0000000F)
    __rt_final_exit                          0x08000185   Thumb Code     0  entry11a.o(.ARM.Collect$$$$00000011)
    Reset_Handler                            0x08000189   Thumb Code     8  startup_at32f413rx_hd.o(.text)
    SVC_Handler                              0x0800019b   Thumb Code     2  startup_at32f413rx_hd.o(.text)
    PendSV_Handler                           0x0800019f   Thumb Code     2  startup_at32f413rx_hd.o(.text)
    SysTick_Handler                          0x080001a1   Thumb Code     2  startup_at32f413rx_hd.o(.text)
    ACC_IRQHandler                           0x080001a3   Thumb Code     0  startup_at32f413rx_hd.o(.text)
    ADC1_2_IRQHandler                        0x080001a3   Thumb Code     0  startup_at32f413rx_hd.o(.text)
    CAN1_RX1_IRQHandler                      0x080001a3   Thumb Code     0  startup_at32f413rx_hd.o(.text)
    CAN1_SCE_IRQHandler                      0x080001a3   Thumb Code     0  startup_at32f413rx_hd.o(.text)
    CAN2_RX0_IRQHandler                      0x080001a3   Thumb Code     0  startup_at32f413rx_hd.o(.text)
    CAN2_RX1_IRQHandler                      0x080001a3   Thumb Code     0  startup_at32f413rx_hd.o(.text)
    CAN2_SCE_IRQHandler                      0x080001a3   Thumb Code     0  startup_at32f413rx_hd.o(.text)
    CAN2_TX_IRQHandler                       0x080001a3   Thumb Code     0  startup_at32f413rx_hd.o(.text)
    DMA1_Channel1_IRQHandler                 0x080001a3   Thumb Code     0  startup_at32f413rx_hd.o(.text)
    DMA1_Channel2_IRQHandler                 0x080001a3   Thumb Code     0  startup_at32f413rx_hd.o(.text)
    DMA1_Channel3_IRQHandler                 0x080001a3   Thumb Code     0  startup_at32f413rx_hd.o(.text)
    DMA1_Channel4_IRQHandler                 0x080001a3   Thumb Code     0  startup_at32f413rx_hd.o(.text)
    DMA1_Channel5_IRQHandler                 0x080001a3   Thumb Code     0  startup_at32f413rx_hd.o(.text)
    DMA1_Channel6_IRQHandler                 0x080001a3   Thumb Code     0  startup_at32f413rx_hd.o(.text)
    DMA1_Channel7_IRQHandler                 0x080001a3   Thumb Code     0  startup_at32f413rx_hd.o(.text)
    DMA2_Channel1_IRQHandler                 0x080001a3   Thumb Code     0  startup_at32f413rx_hd.o(.text)
    DMA2_Channel2_IRQHandler                 0x080001a3   Thumb Code     0  startup_at32f413rx_hd.o(.text)
    DMA2_Channel3_IRQHandler                 0x080001a3   Thumb Code     0  startup_at32f413rx_hd.o(.text)
    DMA2_Channel4_5_IRQHandler               0x080001a3   Thumb Code     0  startup_at32f413rx_hd.o(.text)
    DMA2_Channel6_7_IRQHandler               0x080001a3   Thumb Code     0  startup_at32f413rx_hd.o(.text)
    EXTI0_IRQHandler                         0x080001a3   Thumb Code     0  startup_at32f413rx_hd.o(.text)
    EXTI15_10_IRQHandler                     0x080001a3   Thumb Code     0  startup_at32f413rx_hd.o(.text)
    EXTI1_IRQHandler                         0x080001a3   Thumb Code     0  startup_at32f413rx_hd.o(.text)
    EXTI2_IRQHandler                         0x080001a3   Thumb Code     0  startup_at32f413rx_hd.o(.text)
    EXTI3_IRQHandler                         0x080001a3   Thumb Code     0  startup_at32f413rx_hd.o(.text)
    EXTI4_IRQHandler                         0x080001a3   Thumb Code     0  startup_at32f413rx_hd.o(.text)
    EXTI9_5_IRQHandler                       0x080001a3   Thumb Code     0  startup_at32f413rx_hd.o(.text)
    FLASH_IRQHandler                         0x080001a3   Thumb Code     0  startup_at32f413rx_hd.o(.text)
    I2C1_ER_IRQHandler                       0x080001a3   Thumb Code     0  startup_at32f413rx_hd.o(.text)
    I2C1_EV_IRQHandler                       0x080001a3   Thumb Code     0  startup_at32f413rx_hd.o(.text)
    I2C2_ER_IRQHandler                       0x080001a3   Thumb Code     0  startup_at32f413rx_hd.o(.text)
    I2C2_EV_IRQHandler                       0x080001a3   Thumb Code     0  startup_at32f413rx_hd.o(.text)
    PVD_IRQHandler                           0x080001a3   Thumb Code     0  startup_at32f413rx_hd.o(.text)
    RCC_IRQHandler                           0x080001a3   Thumb Code     0  startup_at32f413rx_hd.o(.text)
    RTCAlarm_IRQHandler                      0x080001a3   Thumb Code     0  startup_at32f413rx_hd.o(.text)
    RTC_IRQHandler                           0x080001a3   Thumb Code     0  startup_at32f413rx_hd.o(.text)
    SDIO_IRQHandler                          0x080001a3   Thumb Code     0  startup_at32f413rx_hd.o(.text)
    SPI1_IRQHandler                          0x080001a3   Thumb Code     0  startup_at32f413rx_hd.o(.text)
    SPI2_IRQHandler                          0x080001a3   Thumb Code     0  startup_at32f413rx_hd.o(.text)
    TAMPER_IRQHandler                        0x080001a3   Thumb Code     0  startup_at32f413rx_hd.o(.text)
    TMR1_BRK_TMR9_IRQHandler                 0x080001a3   Thumb Code     0  startup_at32f413rx_hd.o(.text)
    TMR1_CC_IRQHandler                       0x080001a3   Thumb Code     0  startup_at32f413rx_hd.o(.text)
    TMR1_OV_TMR10_IRQHandler                 0x080001a3   Thumb Code     0  startup_at32f413rx_hd.o(.text)
    TMR1_TRG_COM_TMR11_IRQHandler            0x080001a3   Thumb Code     0  startup_at32f413rx_hd.o(.text)
    TMR3_GLOBAL_IRQHandler                   0x080001a3   Thumb Code     0  startup_at32f413rx_hd.o(.text)
    TMR4_GLOBAL_IRQHandler                   0x080001a3   Thumb Code     0  startup_at32f413rx_hd.o(.text)
    TMR5_GLOBAL_IRQHandler                   0x080001a3   Thumb Code     0  startup_at32f413rx_hd.o(.text)
    TMR8_BRK_TMR12_IRQHandler                0x080001a3   Thumb Code     0  startup_at32f413rx_hd.o(.text)
    TMR8_CC_IRQHandler                       0x080001a3   Thumb Code     0  startup_at32f413rx_hd.o(.text)
    TMR8_OV_TMR13_IRQHandler                 0x080001a3   Thumb Code     0  startup_at32f413rx_hd.o(.text)
    TMR8_TRG_COM_TMR14_IRQHandler            0x080001a3   Thumb Code     0  startup_at32f413rx_hd.o(.text)
    UART4_IRQHandler                         0x080001a3   Thumb Code     0  startup_at32f413rx_hd.o(.text)
    UART5_IRQHandler                         0x080001a3   Thumb Code     0  startup_at32f413rx_hd.o(.text)
    USART2_IRQHandler                        0x080001a3   Thumb Code     0  startup_at32f413rx_hd.o(.text)
    USART3_IRQHandler                        0x080001a3   Thumb Code     0  startup_at32f413rx_hd.o(.text)
    USBWakeUp_IRQHandler                     0x080001a3   Thumb Code     0  startup_at32f413rx_hd.o(.text)
    USB_HP_CAN1_TX_IRQHandler                0x080001a3   Thumb Code     0  startup_at32f413rx_hd.o(.text)
    USB_HP_IRQHandler                        0x080001a3   Thumb Code     0  startup_at32f413rx_hd.o(.text)
    USB_LP_CAN1_RX0_IRQHandler               0x080001a3   Thumb Code     0  startup_at32f413rx_hd.o(.text)
    USB_LP_IRQHandler                        0x080001a3   Thumb Code     0  startup_at32f413rx_hd.o(.text)
    WWDG_IRQHandler                          0x080001a3   Thumb Code     0  startup_at32f413rx_hd.o(.text)
    __aeabi_uldivmod                         0x080001ad   Thumb Code    98  uldiv.o(.text)
    __aeabi_llsl                             0x0800020f   Thumb Code    30  llshl.o(.text)
    _ll_shift_l                              0x0800020f   Thumb Code     0  llshl.o(.text)
    __aeabi_llsr                             0x0800022d   Thumb Code    32  llushr.o(.text)
    _ll_ushift_r                             0x0800022d   Thumb Code     0  llushr.o(.text)
    __scatterload                            0x0800024d   Thumb Code    28  init.o(.text)
    __scatterload_rt2                        0x0800024d   Thumb Code     0  init.o(.text)
    BusFault_Handler                         0x08000271   Thumb Code     4  at32f4xx_it.o(i.BusFault_Handler)
    DebugMon_Handler                         0x08000275   Thumb Code     2  at32f4xx_it.o(i.DebugMon_Handler)
    Delay_init                               0x08000279   Thumb Code    38  at32_delay.o(i.Delay_init)
    GPIO_Configuration                       0x080002b1   Thumb Code    92  configuration.o(i.GPIO_Configuration)
    GPIO_Init                                0x08000315   Thumb Code   278  at32f4xx_gpio.o(i.GPIO_Init)
    GPIO_StructInit                          0x0800042b   Thumb Code    16  at32f4xx_gpio.o(i.GPIO_StructInit)
    HardFault_Handler                        0x0800043b   Thumb Code     4  at32f4xx_it.o(i.HardFault_Handler)
    MemManage_Handler                        0x0800043f   Thumb Code     4  at32f4xx_it.o(i.MemManage_Handler)
    NMI_Handler                              0x08000443   Thumb Code     2  at32f4xx_it.o(i.NMI_Handler)
    NVIC_Configuration                       0x08000445   Thumb Code    66  configuration.o(i.NVIC_Configuration)
    NVIC_Init                                0x08000489   Thumb Code   100  misc.o(i.NVIC_Init)
    NVIC_PriorityGroupConfig                 0x080004f9   Thumb Code    10  misc.o(i.NVIC_PriorityGroupConfig)
    RCC_APB1PeriphClockCmd                   0x0800050d   Thumb Code    26  at32f4xx_rcc.o(i.RCC_APB1PeriphClockCmd)
    RCC_APB2PeriphClockCmd                   0x0800052d   Thumb Code    26  at32f4xx_rcc.o(i.RCC_APB2PeriphClockCmd)
    RCC_Configuration                        0x0800054d   Thumb Code    44  configuration.o(i.RCC_Configuration)
    RCC_GetClocksFreq                        0x08000579   Thumb Code   326  at32f4xx_rcc.o(i.RCC_GetClocksFreq)
    SysTick_CLKSourceConfig                  0x080006e3   Thumb Code    40  misc.o(i.SysTick_CLKSourceConfig)
    SystemInit                               0x0800070d   Thumb Code   106  system_at32f4xx.o(i.SystemInit)
    TIMER_Configuration                      0x08000791   Thumb Code   118  configuration.o(i.TIMER_Configuration)
    TMR2_GLOBAL_IRQHandler                   0x0800080d   Thumb Code    38  main.o(i.TMR2_GLOBAL_IRQHandler)
    TMR_ClearITPendingBit                    0x08000839   Thumb Code     6  at32f4xx_tim.o(i.TMR_ClearITPendingBit)
    TMR_Cmd                                  0x0800083f   Thumb Code    24  at32f4xx_tim.o(i.TMR_Cmd)
    TMR_GetINTStatus                         0x08000857   Thumb Code    34  at32f4xx_tim.o(i.TMR_GetINTStatus)
    TMR_INTConfig                            0x08000879   Thumb Code    18  at32f4xx_tim.o(i.TMR_INTConfig)
    TMR_OC1Init                              0x0800088d   Thumb Code   114  at32f4xx_tim.o(i.TMR_OC1Init)
    TMR_OC1PreloadConfig                     0x08000909   Thumb Code    18  at32f4xx_tim.o(i.TMR_OC1PreloadConfig)
    TMR_OCStructInit                         0x0800091b   Thumb Code    20  at32f4xx_tim.o(i.TMR_OCStructInit)
    TMR_TimeBaseInit                         0x08000931   Thumb Code    94  at32f4xx_tim.o(i.TMR_TimeBaseInit)
    TMR_TimeBaseStructInit                   0x080009a5   Thumb Code    18  at32f4xx_tim.o(i.TMR_TimeBaseStructInit)
    UART_Configuration                       0x080009b9   Thumb Code    80  configuration.o(i.UART_Configuration)
    USART1_IRQHandler                        0x08000a0d   Thumb Code    96  main.o(i.USART1_IRQHandler)
    USART_ClearITPendingBit                  0x08000a75   Thumb Code    30  at32f4xx_usart.o(i.USART_ClearITPendingBit)
    USART_Cmd                                0x08000a93   Thumb Code    24  at32f4xx_usart.o(i.USART_Cmd)
    USART_GetFlagStatus                      0x08000aab   Thumb Code    26  at32f4xx_usart.o(i.USART_GetFlagStatus)
    USART_GetITStatus                        0x08000ac5   Thumb Code    84  at32f4xx_usart.o(i.USART_GetITStatus)
    USART_INTConfig                          0x08000b19   Thumb Code    74  at32f4xx_usart.o(i.USART_INTConfig)
    USART_Init                               0x08000b65   Thumb Code   226  at32f4xx_usart.o(i.USART_Init)
    USART_ReceiveData                        0x08000c4d   Thumb Code    10  at32f4xx_usart.o(i.USART_ReceiveData)
    USART_SendData                           0x08000c57   Thumb Code     8  at32f4xx_usart.o(i.USART_SendData)
    USART_StructInit                         0x08000c5f   Thumb Code    24  at32f4xx_usart.o(i.USART_StructInit)
    UsageFault_Handler                       0x08000c77   Thumb Code     4  at32f4xx_it.o(i.UsageFault_Handler)
    __scatterload_copy                       0x08000c7b   Thumb Code    14  handlers.o(i.__scatterload_copy)
    __scatterload_null                       0x08000c89   Thumb Code     2  handlers.o(i.__scatterload_null)
    __scatterload_zeroinit                   0x08000c8b   Thumb Code    14  handlers.o(i.__scatterload_zeroinit)
    echoBufferData                           0x08000c99   Thumb Code    82  main.o(i.echoBufferData)
    main                                     0x08000cf5   Thumb Code    28  main.o(i.main)
    Region$$Table$$Base                      0x08000d20   Number         0  anon$$obj.o(Region$$Table)
    Region$$Table$$Limit                     0x08000d40   Number         0  anon$$obj.o(Region$$Table)
    SystemCoreClock                          0x20000000   Data           4  system_at32f4xx.o(.data)
    AHBPscTable                              0x20000004   Data          16  system_at32f4xx.o(.data)
    uartBuffer                               0x2000001c   Data         130  main.o(.bss)
    __initial_sp                             0x200004a0   Data           0  startup_at32f413rx_hd.o(STACK)



==============================================================================

Memory Map of the image

  Image Entry point : 0x08000171

  Load Region LR_IROM1 (Base: 0x08000000, Size: 0x00000d5c, Max: 0x00040000, ABSOLUTE)

    Execution Region ER_IROM1 (Exec base: 0x08000000, Load base: 0x08000000, Size: 0x00000d40, Max: 0x00040000, ABSOLUTE)

    Exec Addr    Load Addr    Size         Type   Attr      Idx    E Section Name        Object

    0x08000000   0x08000000   0x00000170   Data   RO          150    RESET               startup_at32f413rx_hd.o
    0x08000170   0x08000170   0x00000000   Code   RO         2599  * .ARM.Collect$$$$00000000  mc_w.l(entry.o)
    0x08000170   0x08000170   0x00000004   Code   RO         2604    .ARM.Collect$$$$00000001  mc_w.l(entry2.o)
    0x08000174   0x08000174   0x00000004   Code   RO         2607    .ARM.Collect$$$$00000004  mc_w.l(entry5.o)
    0x08000178   0x08000178   0x00000000   Code   RO         2609    .ARM.Collect$$$$00000008  mc_w.l(entry7b.o)
    0x08000178   0x08000178   0x00000000   Code   RO         2611    .ARM.Collect$$$$0000000A  mc_w.l(entry8b.o)
    0x08000178   0x08000178   0x00000008   Code   RO         2612    .ARM.Collect$$$$0000000B  mc_w.l(entry9a.o)
    0x08000180   0x08000180   0x00000004   Code   RO         2619    .ARM.Collect$$$$0000000E  mc_w.l(entry12b.o)
    0x08000184   0x08000184   0x00000000   Code   RO         2614    .ARM.Collect$$$$0000000F  mc_w.l(entry10a.o)
    0x08000184   0x08000184   0x00000000   Code   RO         2616    .ARM.Collect$$$$00000011  mc_w.l(entry11a.o)
    0x08000184   0x08000184   0x00000004   Code   RO         2605    .ARM.Collect$$$$00002712  mc_w.l(entry2.o)
    0x08000188   0x08000188   0x00000024   Code   RO          151    .text               startup_at32f413rx_hd.o
    0x080001ac   0x080001ac   0x00000062   Code   RO         2602    .text               mc_w.l(uldiv.o)
    0x0800020e   0x0800020e   0x0000001e   Code   RO         2620    .text               mc_w.l(llshl.o)
    0x0800022c   0x0800022c   0x00000020   Code   RO         2622    .text               mc_w.l(llushr.o)
    0x0800024c   0x0800024c   0x00000024   Code   RO         2624    .text               mc_w.l(init.o)
    0x08000270   0x08000270   0x00000004   Code   RO          158    i.BusFault_Handler  at32f4xx_it.o
    0x08000274   0x08000274   0x00000002   Code   RO          159    i.DebugMon_Handler  at32f4xx_it.o
    0x08000276   0x08000276   0x00000002   PAD
    0x08000278   0x08000278   0x00000038   Code   RO          280    i.Delay_init        at32_delay.o
    0x080002b0   0x080002b0   0x00000064   Code   RO          324    i.GPIO_Configuration  configuration.o
    0x08000314   0x08000314   0x00000116   Code   RO          713    i.GPIO_Init         at32f4xx_gpio.o
    0x0800042a   0x0800042a   0x00000010   Code   RO          723    i.GPIO_StructInit   at32f4xx_gpio.o
    0x0800043a   0x0800043a   0x00000004   Code   RO          160    i.HardFault_Handler  at32f4xx_it.o
    0x0800043e   0x0800043e   0x00000004   Code   RO          161    i.MemManage_Handler  at32f4xx_it.o
    0x08000442   0x08000442   0x00000002   Code   RO          162    i.NMI_Handler       at32f4xx_it.o
    0x08000444   0x08000444   0x00000042   Code   RO          325    i.NVIC_Configuration  configuration.o
    0x08000486   0x08000486   0x00000002   PAD
    0x08000488   0x08000488   0x00000070   Code   RO         1664    i.NVIC_Init         misc.o
    0x080004f8   0x080004f8   0x00000014   Code   RO         1665    i.NVIC_PriorityGroupConfig  misc.o
    0x0800050c   0x0800050c   0x00000020   Code   RO         1079    i.RCC_APB1PeriphClockCmd  at32f4xx_rcc.o
    0x0800052c   0x0800052c   0x00000020   Code   RO         1082    i.RCC_APB2PeriphClockCmd  at32f4xx_rcc.o
    0x0800054c   0x0800054c   0x0000002c   Code   RO          326    i.RCC_Configuration  configuration.o
    0x08000578   0x08000578   0x00000168   Code   RO         1088    i.RCC_GetClocksFreq  at32f4xx_rcc.o
    0x080006e0   0x080006e0   0x00000002   Code   RO            4    i.SetSysClock       system_at32f4xx.o
    0x080006e2   0x080006e2   0x00000028   Code   RO         1668    i.SysTick_CLKSourceConfig  misc.o
    0x0800070a   0x0800070a   0x00000002   PAD
    0x0800070c   0x0800070c   0x00000084   Code   RO            6    i.SystemInit        system_at32f4xx.o
    0x08000790   0x08000790   0x0000007c   Code   RO          327    i.TIMER_Configuration  configuration.o
    0x0800080c   0x0800080c   0x0000002c   Code   RO          219    i.TMR2_GLOBAL_IRQHandler  main.o
    0x08000838   0x08000838   0x00000006   Code   RO         2047    i.TMR_ClearITPendingBit  at32f4xx_tim.o
    0x0800083e   0x0800083e   0x00000018   Code   RO         2052    i.TMR_Cmd           at32f4xx_tim.o
    0x08000856   0x08000856   0x00000022   Code   RO         2074    i.TMR_GetINTStatus  at32f4xx_tim.o
    0x08000878   0x08000878   0x00000012   Code   RO         2077    i.TMR_INTConfig     at32f4xx_tim.o
    0x0800088a   0x0800088a   0x00000002   PAD
    0x0800088c   0x0800088c   0x0000007c   Code   RO         2081    i.TMR_OC1Init       at32f4xx_tim.o
    0x08000908   0x08000908   0x00000012   Code   RO         2084    i.TMR_OC1PreloadConfig  at32f4xx_tim.o
    0x0800091a   0x0800091a   0x00000014   Code   RO         2099    i.TMR_OCStructInit  at32f4xx_tim.o
    0x0800092e   0x0800092e   0x00000002   PAD
    0x08000930   0x08000930   0x00000074   Code   RO         2124    i.TMR_TimeBaseInit  at32f4xx_tim.o
    0x080009a4   0x080009a4   0x00000012   Code   RO         2125    i.TMR_TimeBaseStructInit  at32f4xx_tim.o
    0x080009b6   0x080009b6   0x00000002   PAD
    0x080009b8   0x080009b8   0x00000054   Code   RO          328    i.UART_Configuration  configuration.o
    0x08000a0c   0x08000a0c   0x00000068   Code   RO          220    i.USART1_IRQHandler  main.o
    0x08000a74   0x08000a74   0x0000001e   Code   RO         1485    i.USART_ClearITPendingBit  at32f4xx_usart.o
    0x08000a92   0x08000a92   0x00000018   Code   RO         1488    i.USART_Cmd         at32f4xx_usart.o
    0x08000aaa   0x08000aaa   0x0000001a   Code   RO         1490    i.USART_GetFlagStatus  at32f4xx_usart.o
    0x08000ac4   0x08000ac4   0x00000054   Code   RO         1491    i.USART_GetITStatus  at32f4xx_usart.o
    0x08000b18   0x08000b18   0x0000004a   Code   RO         1493    i.USART_INTConfig   at32f4xx_usart.o
    0x08000b62   0x08000b62   0x00000002   PAD
    0x08000b64   0x08000b64   0x000000e8   Code   RO         1494    i.USART_Init        at32f4xx_usart.o
    0x08000c4c   0x08000c4c   0x0000000a   Code   RO         1499    i.USART_ReceiveData  at32f4xx_usart.o
    0x08000c56   0x08000c56   0x00000008   Code   RO         1503    i.USART_SendData    at32f4xx_usart.o
    0x08000c5e   0x08000c5e   0x00000018   Code   RO         1509    i.USART_StructInit  at32f4xx_usart.o
    0x08000c76   0x08000c76   0x00000004   Code   RO          163    i.UsageFault_Handler  at32f4xx_it.o
    0x08000c7a   0x08000c7a   0x0000000e   Code   RO         2628    i.__scatterload_copy  mc_w.l(handlers.o)
    0x08000c88   0x08000c88   0x00000002   Code   RO         2629    i.__scatterload_null  mc_w.l(handlers.o)
    0x08000c8a   0x08000c8a   0x0000000e   Code   RO         2630    i.__scatterload_zeroinit  mc_w.l(handlers.o)
    0x08000c98   0x08000c98   0x0000005c   Code   RO          221    i.echoBufferData    main.o
    0x08000cf4   0x08000cf4   0x0000001c   Code   RO          222    i.main              main.o
    0x08000d10   0x08000d10   0x00000010   Data   RO         1114    .constdata          at32f4xx_rcc.o
    0x08000d20   0x08000d20   0x00000020   Data   RO         2626    Region$$Table       anon$$obj.o


    Execution Region RW_IRAM1 (Exec base: 0x20000000, Load base: 0x08000d40, Size: 0x000004a0, Max: 0x00008000, ABSOLUTE)

    Exec Addr    Load Addr    Size         Type   Attr      Idx    E Section Name        Object

    0x20000000   0x08000d40   0x00000014   Data   RW            7    .data               system_at32f4xx.o
    0x20000014   0x08000d54   0x00000008   Data   RW          284    .data               at32_delay.o
    0x2000001c        -       0x00000082   Zero   RW          223    .bss                main.o
    0x2000009e   0x08000d5c   0x00000002   PAD
    0x200000a0        -       0x00000400   Zero   RW          148    STACK               startup_at32f413rx_hd.o


==============================================================================

Image component sizes


      Code (inc. data)   RO Data    RW Data    ZI Data      Debug   Object Name

        56         18          0          8          0       1033   at32_delay.o
       294          0          0          0          0       2494   at32f4xx_gpio.o
        20          0          0          0          0       2793   at32f4xx_it.o
       424         46         16          0          0       3918   at32f4xx_rcc.o
       378         32          0          0          0       5905   at32f4xx_tim.o
       512          6          0          0          0       7379   at32f4xx_usart.o
       418         18          0          0          0       3033   configuration.o
       268         24          0          0        130       2594   main.o
       172         22          0          0          0       2025   misc.o
        36          8        368          0       1024        836   startup_at32f413rx_hd.o
       134         26          0         20          0     276175   system_at32f4xx.o

    ----------------------------------------------------------------------
      2726        200        416         28       1156     308185   Object Totals
         0          0         32          0          0          0   (incl. Generated)
        14          0          0          0          2          0   (incl. Padding)

    ----------------------------------------------------------------------

      Code (inc. data)   RO Data    RW Data    ZI Data      Debug   Library Member Name

         0          0          0          0          0          0   entry.o
         0          0          0          0          0          0   entry10a.o
         0          0          0          0          0          0   entry11a.o
         4          0          0          0          0          0   entry12b.o
         8          4          0          0          0          0   entry2.o
         4          0          0          0          0          0   entry5.o
         0          0          0          0          0          0   entry7b.o
         0          0          0          0          0          0   entry8b.o
         8          4          0          0          0          0   entry9a.o
        30          0          0          0          0          0   handlers.o
        36          8          0          0          0         68   init.o
        30          0          0          0          0         68   llshl.o
        32          0          0          0          0         68   llushr.o
        98          0          0          0          0         92   uldiv.o

    ----------------------------------------------------------------------
       250         16          0          0          0        296   Library Totals
         0          0          0          0          0          0   (incl. Padding)

    ----------------------------------------------------------------------

      Code (inc. data)   RO Data    RW Data    ZI Data      Debug   Library Name

       250         16          0          0          0        296   mc_w.l

    ----------------------------------------------------------------------
       250         16          0          0          0        296   Library Totals

    ----------------------------------------------------------------------

==============================================================================


      Code (inc. data)   RO Data    RW Data    ZI Data      Debug   

      2976        216        416         28       1156     304733   Grand Totals
      2976        216        416         28       1156     304733   ELF Image Totals
      2976        216        416         28          0          0   ROM Totals

==============================================================================

    Total RO  Size (Code + RO Data)                 3392 (   3.31kB)
    Total RW  Size (RW Data + ZI Data)              1184 (   1.16kB)
    Total ROM Size (Code + RO Data + RW Data)       3420 (   3.34kB)

==============================================================================

